// Jest Snapshot v1, https://goo.gl/fbAQLP

exports[`App component renders App 1`] = `
<DocumentFragment>
  <section>
    <header>
      <h1>
        Rick and Morty Toons 4.0132432487398503
      </h1>
      <a
        href="/"
      >
        <button>
          Home
        </button>
      </a>
    </header>
    <h1>
      Loading...
    </h1>
  </section>
</DocumentFragment>
`;
